c3e00010 T _start
c3e00030 t _undefined_instruction
c3e00034 t _software_interrupt
c3e00038 t _prefetch_abort
c3e0003c t _data_abort
c3e00040 t _not_used
c3e00044 t _irq
c3e00048 t _fiq
c3e0004c t _pad
c3e00050 T _end_vect
c3e00050 t _TEXT_BASE
c3e00054 t _TEXT_PHY_BASE
c3e00058 T _armboot_start
c3e0005c T _bss_start
c3e00060 T _bss_end
c3e00064 t reset
c3e00074 t cache_init
c3e00188 t nand_boot
c3e00194 t onenand_boot
c3e0019c t second_mmcsd_boot
c3e001a8 t mmcsd_boot
c3e001c4 t emmc_boot
c3e001e0 t emmc441_boot
c3e00210 t nor_boot
c3e00214 t after_copy
c3e00214 t enable_mmu
c3e00234 t mmu_on
c3e00264 t skip_hw_init
c3e00264 t stack_setup
c3e00268 t clear_bss
c3e00274 t clbss_l
c3e00288 t _start_armboot
c3e0028c t _dmc_density
c3e00290 t _mmu_table_base
c3e00294 T copy_from_nand
c3e002d0 t copy_failed
c3e002d8 t compare_failed
c3e002e0 T theLastJump
c3e002fc t phy_last_jump
c3e00320 t undefined_instruction
c3e00380 t software_interrupt
c3e003e0 t prefetch_abort
c3e00440 t data_abort
c3e004a0 t not_used
c3e00500 t irq
c3e00560 t fiq
c3e005c0 T arm_cache_flush
c3e005e0 T v7_flush_dcache_all
c3e005f8 t Loop1
c3e00638 t Loop2
c3e0063c t Loop3
c3e00658 t Skip
c3e00664 t Finished
c3e00680 T disable_l2cache
c3e006a0 T enable_l2cache
c3e006c0 T set_l2cache_auxctrl
c3e006e0 T set_l2cache_auxctrl_cycle
c3e00700 t CoInvalidateDCacheIndex
c3e00760 t wait_phy_state
c3e00770 t dmc_delay
c3e00780 T mem_ctrl_asm_init_ddr3
c3e00ae8 t wait_mux_state
c3e00af8 t wait_pll_lock
c3e00b08 t wait_phy_state
c3e00b18 t _TEXT_BASE
c3e00b1c T lowlevel_init
c3e00b94 t v310_1
c3e00b9c t out
c3e00bd8 t wakeup_reset
c3e00c08 t skip_dmc
c3e00c14 t wake_v310
c3e00c20 t exit_wakeup
c3e00c34 t system_clock_init_scp
c3e00d7c t skip_mpll
c3e00f40 t v310_2
c3e00f44 t wait_div_state1
c3e00f58 t wait_mux_state1
c3e00f6c t wait_mux_state0
c3e00f80 T uart_asm_init
c3e00fec t onenandcon_init
c3e00fec t wait_orwb
c3e01024 T nand_asm_init
c3e010a0 t tzpc_init
c3e01294 T ace_hash_sha1_digest
c3e01358 T strcpy
c3e01374 T strncpy
c3e0139c T strcat
c3e013cc T strncat
c3e01428 T strcmp
c3e01458 T strncmp
c3e014a0 T strchr
c3e014cc T strlen
c3e014ec T strrchr
c3e01524 T strnlen
c3e0154c T strspn
c3e01590 T strpbrk
c3e015c8 T strtok
c3e01644 T strsep
c3e01678 T strswab
c3e016c0 T memset
c3e01734 T bcopy
c3e0175c T memcpy
c3e017c8 T memmove
c3e01824 T memcmp
c3e0185c T memscan
c3e0188c T strstr
c3e018ec T memchr
c3e01918 T strdup
c3e0194c T copy_uboot_to_ram
c3e01a28 T enable_interrupts
c3e01a2c T disable_interrupts
c3e01a34 T interrupt_init
c3e01aa4 T set_timer
c3e01ab4 T reset_timer_masked
c3e01ad8 T reset_timer
c3e01adc T get_timer_masked
c3e01b24 T get_timer
c3e01b38 T udelay
c3e01ba8 T udelay_masked
c3e01c18 T get_ticks
c3e01c2c T get_tbclk
c3e01c44 T show_regs
c3e01d84 T bad_mode
c3e01da0 T do_irq
c3e01dc4 T do_fiq
c3e01de8 T do_not_used
c3e01e0c T do_data_abort
c3e01e30 T do_prefetch_abort
c3e01e54 T do_software_interrupt
c3e01e78 T do_undefined_instruction
c3e01e9c T onenand_readw
c3e01ea4 T onenand_writew
c3e01eac T onenand_loadpage
c3e01f2c T onenand_isbad
c3e01f54 T onenand_readpage
c3e01fa0 T onenand_bl2_copy
c3e01ffc T movi_uboot_copy
c3e02024 T emmc_uboot_copy
c3e02048 T emmc441_uboot_copy
c3e02074 T movi_calc_checksum_bl1
c3e0209c T movi_write_bl1
c3e020ec T movi_write_env
c3e02104 T movi_read_env
c3e0211c T __coloured_LED_init
c3e0211c W coloured_LED_init
c3e02120 T __red_LED_on
c3e02120 W red_LED_on
c3e02124 T __red_LED_off
c3e02124 W red_LED_off
c3e02128 T __green_LED_on
c3e02128 W green_LED_on
c3e0212c T __green_LED_off
c3e0212c W green_LED_off
c3e02130 T __yellow_LED_on
c3e02130 W yellow_LED_on
c3e02134 T __yellow_LED_off
c3e02134 W yellow_LED_off
c3e02138 T __blue_LED_on
c3e02138 W blue_LED_on
c3e0213c T __blue_LED_off
c3e0213c W blue_LED_off
c3e02140 t off_charge
c3e021c8 T hang
c3e021d8 t display_dram_config
c3e0222c t display_banner
c3e0224c t init_baudrate
c3e022ac T start_armboot
c3e023e0 t __fswab32
c3e023fc t INIT_LIST_HEAD
c3e02408 T mmc_send_cmd
c3e02418 T mmc_set_blocklen
c3e02450 T mmc_send_ext_csd
c3e024a0 T mmc_set_relative_addr
c3e024d8 T mmc_switch
c3e0251c T mmc_change_freq
c3e025c8 T sd_switch
c3e02634 T mmc_set_ios
c3e02644 T mmc_set_clock
c3e02664 T mmc_set_bus_width
c3e0266c T mmc_send_if_cond
c3e026e8 W board_mmc_init
c3e026e8 t __def_mmc_init
c3e026f0 T emmc_boot_close
c3e02740 T emmc_boot_open
c3e027d8 T emmc_boot_partition_size_change
c3e028f4 T emmc_boot_erase
c3e02a20 T mmc_send_app_op_cond
c3e02b10 T mmc_go_idle
c3e02b64 T mmc_send_op_cond
c3e02c04 T mmc_erase
c3e02fb0 T print_mmc_devices
c3e03024 T find_mmc_device
c3e03070 T mmc_get_dev
c3e03084 t mmc_bwrite
c3e03130 T movi_write
c3e03148 t mmc_bread_primitive
c3e031e0 t mmc_bread
c3e0324c T movi_read
c3e03264 T sd_change_freq
c3e03434 T mmc_startup
c3e03ab4 T mmc_init
c3e03b18 T mmc_initialize
c3e03c30 T mmc_register
c3e03ca0 t print_num
c3e03cb4 T do_bdinfo
c3e03d4c W do_go_exec
c3e03d64 T do_go
c3e03ddc t __fswab32
c3e03df8 t image_get_data
c3e03e00 T __arch_preboot_os
c3e03e00 W arch_preboot_os
c3e03e04 t image_check_magic
c3e03e28 t image_info
c3e03ef0 T do_iminfo
c3e03f50 t image_get_size
c3e03f58 t image_get_data_size
c3e03f5c T do_bootd
c3e03f80 t do_bootm_rtems
c3e03fbc t do_bootm_qnxelf
c3e04020 t do_bootm_vxworks
c3e04084 t bootm_load_os
c3e041e4 t T.77
c3e041f4 t do_bootm_netbsd
c3e04314 T bootm_start
c3e04668 T do_bootm_subcommand
c3e0482c T do_bootm
c3e04b3c T do_coninfo
c3e04c2c T do_echo
c3e04cb0 T load_elf_image
c3e04d48 T valid_elf_image
c3e04d9c T do_bootvx
c3e04fdc W do_bootelf_exec
c3e05020 T do_bootelf
c3e050b8 T ext_format
c3e051bc T do_ext3_format
c3e051cc T do_ext2_format
c3e051dc T do_ext2load
c3e0551c T do_ext2ls
c3e05650 T LCD_turnon
c3e05654 T LCD_setfgcolor
c3e05658 T LCD_setleftcolor
c3e0565c T LCD_setprogress
c3e05660 t reset_handler
c3e0567c T fastboot_flash_get_ptn
c3e056a0 T fastboot_flash_get_ptn_count
c3e056b0 T fastboot_flash_find_ptn
c3e05724 T fastboot_flash_dump_ptn
c3e05870 T fastboot_flash_add_ptn
c3e058b0 t memparse
c3e05918 t write_to_ptn_sdmmc
c3e05b68 t set_partition_table_sdmmc
c3e05ec0 T sd_format_mmcs
c3e05f48 t set_partition_table
c3e063b4 T do_fastboot
c3e06618 t T.127
c3e0685c t rx_handler
c3e07388 t update_from_sd
c3e074dc T do_sdfuse
c3e0786c T do_fat_format
c3e07954 T do_fat_fsinfo
c3e07a54 T do_fat_ls
c3e07b54 T do_fat_fsload
c3e07e54 T do_help
c3e07ea0 t evalstr
c3e07ebc t evalexp
c3e07f28 T binary_test
c3e08108 T do_itest
c3e0819c T ktrans
c3e081bc T chk1
c3e081ec t bin_data_init
c3e08204 t bin_data_char
c3e08224 T k_data_init
c3e08244 T k_data_save
c3e08264 T k_data_restore
c3e08280 T k_data_char
c3e082d0 T send_pad
c3e08300 T s1_sendpacket
c3e0832c T handle_send_packet
c3e084f0 T send_nack
c3e08550 T send_ack
c3e085b0 t load_serial_ymodem
c3e086b8 t getcxmodem
c3e086d8 T do_load_serial_bin
c3e08b3c t load_serial
c3e08d2c T do_load_serial
c3e08e0c T do_max8997
c3e08e74 T do_mdmup
c3e08f24 T do_mem_crc
c3e08fd4 T do_mem_base
c3e09018 T do_mem_mtest
c3e091bc T do_mem_loop
c3e092b4 T do_mem_cp
c3e09384 T do_mem_cmp
c3e09514 T do_mem_mw
c3e095d4 t mod_mem
c3e0971c T do_mem_nm
c3e0973c T do_mem_mm
c3e0975c T do_mem_md
c3e09830 T do_sleep
c3e098b8 T do_mmcinfo
c3e09a08 T do_mmcops_secure
c3e09cc8 T do_mmcops
c3e0a108 T do_emmc
c3e0a4b4 T calc_unit
c3e0a4f4 T encode_chs
c3e0a514 T get_SDInfo
c3e0a5fc T make_partitionInfo
c3e0a7f8 T put_mmc_mbr
c3e0a85c T get_mmc_mbr
c3e0a8bc T get_mmc_block_count
c3e0a900 T decode_partitionInfo
c3e0a940 T get_mmc_part_info
c3e0a9dc T print_mmc_part_info
c3e0ab80 T encode_partitionInfo
c3e0abf8 T make_mmc_partition
c3e0afc0 T create_mmc_fdisk
c3e0b058 T do_fdisk
c3e0b0ec T do_movi
c3e0b724 T init_raw_area_table
c3e0b994 T get_env_id
c3e0b9a4 T envmatch
c3e0ba04 T getenv_r
c3e0baa4 T do_saveenv
c3e0bad0 T getenv
c3e0bb38 T _do_setenv
c3e0bf30 T do_setenv
c3e0bf5c T setenv
c3e0bfa8 T do_editenv
c3e0c014 t printenv
c3e0c0f8 T do_printenv
c3e0c184 t __fswab32
c3e0c1a0 T source
c3e0c324 T do_source
c3e0c36c T do_usbd_dnw
c3e0c47c T do_version
c3e0c49c T do_imgextract
c3e0c778 T cmd_get_data_size
c3e0c7c8 T cmd_usage
c3e0c828 T find_cmd_tbl
c3e0c8bc T find_cmd
c3e0c8e4 T _do_help
c3e0ca64 t console_setfile
c3e0cb04 T fgetc
c3e0cb2c T ftstc
c3e0cb54 T fputc
c3e0cb80 T fputs
c3e0cbac T disable_ctrlc
c3e0cbc4 T had_ctrlc
c3e0cbd4 T clear_ctrlc
c3e0cbe8 T dbg
c3e0cbf4 T console_init_f
c3e0cc04 T search_device
c3e0cc2c T console_assign
c3e0cc6c T fprintf
c3e0ccb4 T puts
c3e0ccd0 T vprintf
c3e0ccfc T printf
c3e0cd3c T stdio_print_current_devices
c3e0cdf4 T console_init_r
c3e0ced4 T serial_printf
c3e0cf14 T putc
c3e0cf30 T tstc
c3e0cf48 T getc
c3e0cf60 T ctrlc
c3e0cfac T check_compress_ext4
c3e0d070 T write_compressed_ext4
c3e0d154 T sbrk
c3e0d18c T malloc_trim
c3e0d25c T free
c3e0d48c T cfree
c3e0d490 T malloc
c3e0daa4 T memalign
c3e0dbb4 T pvalloc
c3e0dbcc T valloc
c3e0dbd8 T malloc_usable_size
c3e0dc1c T mallopt
c3e0dc94 T calloc
c3e0dd74 T mem_malloc_init
c3e0dda0 T realloc
c3e0e218 T env_get_char_spec
c3e0e224 T env_init
c3e0e240 T saveenv_nand
c3e0e248 T saveenv_nand_adv
c3e0e250 T env_relocate_spec_onenand
c3e0e254 t use_default
c3e0e2dc T env_relocate_spec_nand
c3e0e2e0 T env_relocate_spec_movinand
c3e0e318 T env_relocate_spec
c3e0e350 T saveenv_onenand
c3e0e368 T saveenv_movinand
c3e0e3a0 T saveenv
c3e0e3e8 T env_get_char_memory
c3e0e40c T env_get_addr
c3e0e430 T env_get_char
c3e0e460 T env_crc_update
c3e0e488 T set_default_env
c3e0e4cc T env_relocate
c3e0e524 t dummy
c3e0e528 T get_version
c3e0e530 T jumptable_init
c3e0e708 t __fswab32
c3e0e724 t image_get_data
c3e0e72c t image_check_type
c3e0e740 T image_multi_count
c3e0e768 T get_table_entry_name
c3e0e794 T genimg_get_os_name
c3e0e7ac T genimg_get_arch_name
c3e0e7c4 T genimg_get_type_name
c3e0e7dc T genimg_get_comp_name
c3e0e7f4 T genimg_get_image
c3e0e7f8 T genimg_has_config
c3e0e800 T get_table_entry_id
c3e0e84c T genimg_get_comp_id
c3e0e864 T genimg_get_type_id
c3e0e87c T genimg_get_arch_id
c3e0e894 T genimg_get_os_id
c3e0e8ac t image_check_magic
c3e0e8d0 T genimg_get_format
c3e0e8e4 t image_get_data_size
c3e0e8ec t image_get_load
c3e0e8f4 T image_multi_getimg
c3e0e97c T genimg_print_size
c3e0e9a8 T image_print_contents
c3e0eb3c T memmove_wd
c3e0eb40 T getenv_bootm_low
c3e0eb74 T getenv_yesno
c3e0eb98 T getenv_bootm_size
c3e0ebcc T image_check_dcrc
c3e0ec14 T image_check_hcrc
c3e0ec68 T boot_get_ramdisk
c3e0eebc T __show_boot_progress
c3e0eebc W show_boot_progress
c3e0eec0 T parse_line
c3e0ef4c T run_command
c3e0f31c T do_run
c3e0f398 t delete_char
c3e0f474 t cread_add_char
c3e0f560 t cread_add_str
c3e0f5b4 T readline_into_buffer
c3e0fe34 T readline
c3e0fe50 T main_loop
c3e0ffb0 t hex1_bin
c3e0fff0 t hex2_bin
c3e10024 T srec_decode
c3e10288 T stdio_get_list
c3e10294 T stdio_clone
c3e102dc T stdio_get_by_name
c3e10330 T stdio_register
c3e10370 T stdio_init
c3e103fc T parse_num
c3e10538 T xyzModem_error
c3e10558 T xyzModem_stream_close
c3e105a8 T CYGACC_COMM_IF_PUTC
c3e105b0 T CYGACC_COMM_IF_GETC_TIMEOUT
c3e10608 t xyzModem_flush
c3e10630 T xyzModem_stream_terminate
c3e10704 t xyzModem_get_hdr
c3e10980 T xyzModem_stream_read
c3e10c14 T xyzModem_stream_open
c3e10d78 T board_init
c3e10d9c T virt_to_phy_smdkc210
c3e10dac T checkboard
c3e10dd8 T dram_init
c3e10fe8 T chk_bootdev
c3e1108c T check_bootmode
c3e11130 T board_late_init
c3e11194 T cyg_crc16
c3e111d8 T crc32_no_comp
c3e112c4 T crc32
c3e112d8 T crc32_wd
c3e112dc T print_size
c3e113a0 T display_options
c3e113c0 T print_buffer
c3e11518 T zunzip
c3e11610 T gunzip
c3e116c4 T zfree
c3e116cc T zalloc
c3e116dc T string_to_ip
c3e11754 t __toupper
c3e11770 T simple_strtoul
c3e1182c T simple_strtol
c3e11854 T ustrtoul
c3e118c8 T simple_strtoull
c3e119a8 t skip_atoi
c3e119e0 T panic
c3e11a2c t string
c3e11ad4 t put_dec
c3e11c9c t number
c3e11ed0 T vsprintf
c3e1233c T sprintf
c3e12360 T inflate_fast
c3e1287c T inflate_table
c3e12de4 T inflateReset
c3e12e80 T inflateInit2_
c3e12f7c T inflateInit_
c3e12f8c T inflateEnd
c3e13010 T adler32
c3e1330c T zcfree
c3e13314 T zcalloc
c3e1331c T inflate
c3e14a78 T __div64_32
c3e14b6c t read_p15_c1
c3e14b74 t write_p15_c1
c3e14b7c t cp_delay
c3e14ba8 T InitBaseHwForNfc
c3e14c30 T _console_write
c3e14c84 T _console_setup
c3e14ce4 T cpu_init
c3e14cec T icache_enable
c3e14d08 T icache_disable
c3e14d24 T icache_status
c3e14d34 T dcache_enable
c3e14d50 T dcache_disable
c3e14d6c T dcache_status
c3e14d7c T branch_enable
c3e14d98 T branch_disable
c3e14db4 T branch_status
c3e14dc4 T cpu_mmc_init
c3e14ddc T reset_cpu
c3e14e10 T do_reset
c3e14e28 T cleanup_before_linux
c3e14e58 T serial_setbrg
c3e14e5c T serial_init
c3e14e6c t T.34
c3e14e78 T serial_tstc
c3e14e8c T serial_putc
c3e14eb8 T serial_puts
c3e14ee0 T serial_getc
c3e14efc T s3c_usb_phy_off
c3e14f28 T s3c_usb_core_soft_reset
c3e14f4c T s3c_usb_init_core
c3e14f68 T s3c_usb_check_current_mode
c3e14f80 T s3c_usb_set_soft_disconnect
c3e14f98 T s3c_usb_clear_soft_disconnect
c3e14fb0 T s3c_usb_init_device
c3e14fdc T s3c_usbc_activate
c3e14fe4 T s3c_usb_stop
c3e14ff8 T s3c_usb_set_inep_xfersize
c3e1502c T s3c_usb_set_outep_xfersize
c3e15060 T s3c_usb_write_ep0_fifo
c3e150b0 T s3c_usb_write_in_fifo
c3e15100 T s3c_usb_read_out_fifo
c3e1514c T s3c_usb_get_desc
c3e15258 T s3c_usb_clear_feature
c3e152c8 T s3c_usb_set_feature
c3e15420 T s3c_usb_get_status
c3e154b8 T s3c_usb_ep0_int_hndlr
c3e15628 T s3c_usb_set_otherspeed_conf_desc
c3e15714 T s3c_usb_transfer_ep0
c3e15f9c T s3c_usb_int_bulkin
c3e16064 T s3c_usb_upload_start
c3e161bc T s3c_usb_download_start
c3e162d8 T s3c_usb_dma_in_done
c3e16370 T s3c_usb_set_all_outep_nak
c3e16398 T s3c_usb_clear_all_outep_nak
c3e163c0 T s3c_usb_set_max_pktsize
c3e1640c T s3c_usb_set_endpoint
c3e16450 T s3c_usb_set_descriptors
c3e165a0 T s3c_usb_check_speed
c3e165b8 T s3c_usb_clear_dnfile_info
c3e165d4 T s3c_usb_clear_upfile_info
c3e165f0 T s3c_usb_check_setconf
c3e16608 T s3c_usb_set_opmode
c3e16678 T s3c_usb_reset
c3e166d8 T s3c_usb_set_init
c3e16738 T s3c_usb_verify_checksum
c3e167d8 T s3c_usb_download_continue
c3e16884 T s3c_usb_int_bulkout
c3e168ac T s3c_usb_pkt_receive
c3e16918 T s3c_usb_print_pkt
c3e16964 T s3c_usb_dma_out_done
c3e16a08 T s3c_usb_transfer
c3e16b04 T s3c_udc_int_hndlr
c3e16ba4 T s3c_usb_wait_cable_insert
c3e16bf4 T s3c_usb_init_phy
c3e16c34 T s3c_usbctl_init
c3e16cbc T get_device_type
c3e16ccc T arch_cpu_init
c3e16e28 T print_cpuinfo
c3e16e48 T fboot_usb_phy_off
c3e16e74 T fboot_usb_core_soft_reset
c3e16e98 T fboot_usb_init_core
c3e16eb4 T fboot_usb_check_current_mode
c3e16ecc T fboot_usb_set_soft_disconnect
c3e16ee4 T fboot_usb_clear_soft_disconnect
c3e16efc T fboot_usb_init_device
c3e16f28 T fboot_usbc_activate
c3e16f30 T fboot_usb_stop
c3e16f44 T fboot_usb_set_inep_xfersize
c3e16f78 T fboot_usb_set_outep_xfersize
c3e16fac T fboot_usb_write_ep0_fifo
c3e16ffc T fboot_usb_write_in_fifo
c3e1704c T fboot_usb_read_out_fifo
c3e17098 T fboot_usb_get_desc
c3e171b8 T fboot_usb_clear_feature
c3e17228 T fboot_usb_set_feature
c3e17380 T fboot_usb_get_status
c3e17418 T fboot_usb_ep0_int_hndlr
c3e17588 T fboot_usb_set_otherspeed_conf_desc
c3e17674 T fboot_usb_transfer_ep0
c3e17f14 T fboot_usb_upload_start
c3e1806c T fboot_usb_download_start
c3e18188 T fboot_usb_dma_in_done
c3e18220 T fboot_usb_set_all_outep_nak
c3e18248 T fboot_usb_clear_all_outep_nak
c3e18270 T fboot_usb_set_max_pktsize
c3e182bc T fboot_usb_set_endpoint
c3e18300 T fboot_usb_set_descriptors
c3e18454 T fboot_usb_check_speed
c3e1846c T fboot_usb_clear_dnfile_info
c3e18488 T fboot_usb_clear_upfile_info
c3e184a4 T fboot_usb_check_setconf
c3e184bc T fboot_usb_set_opmode
c3e1852c T fboot_usb_reset
c3e1858c T fastboot_shutdown
c3e18590 T fastboot_fifo_size
c3e185ac T fastboot_getvar
c3e185b4 T fboot_usb_int_bulkin
c3e18640 T fastboot_preboot
c3e186d4 T fboot_usb_set_init
c3e18734 T fboot_usb_verify_checksum
c3e187c8 T fboot_usb_download_continue
c3e18874 T fboot_usb_print_pkt
c3e188b4 T fboot_usb_dma_out_done
c3e18958 T fboot_usb_transfer
c3e18a58 T fboot_usb_wait_cable_insert
c3e18a98 T fboot_usb_init_phy
c3e18ad8 T fboot_usbctl_init
c3e18b60 T fastboot_init
c3e18c3c T fboot_usb_int_bulkout
c3e18ccc T fboot_usb_pkt_receive
c3e18d38 T fboot_usb_int_hndlr
c3e18df4 T fastboot_poll
c3e18e48 T fastboot_tx_status
c3e18e94 T PMIC_GetVoltage_Buck
c3e18edc T PMIC_SetVoltage_Buck
c3e18f20 T I2C_S5M8767_VolSetting
c3e18f8c T pmic8767_init
c3e18fe4 T PMIC_InitIp
c3e1926c T GPIO_Reset_B
c3e192b4 T GPIO_Reset_A
c3e192fc T GPIO_Init
c3e19310 T GPIO_SetFunctionEach
c3e19340 T GPIO_SetFunctionAll
c3e19358 T GPIO_SetDataEach
c3e19388 T GPIO_SetDataAll
c3e193a4 T GPIO_GetDataAll
c3e193c0 T GPIO_SetPullUpDownEach
c3e193f4 T GPIO_SetPullUpDownAll
c3e19410 T ETC_SetPullUpDownEach
c3e19440 T ETC_SetPullUpDownAll
c3e19458 T GPIO_SetDSEach
c3e1948c T GPIO_SetDSAll
c3e194b8 T GPIO_SetConRegPDNAll
c3e194d4 T GPIO_SetPullUDPDNAll
c3e194f0 T GPIO_EINT1ClrPend
c3e19514 T GPIO_EINT1UnMask
c3e1953c T GPIO_EINT1Mask
c3e1956c T GPIO_EINT2ClrPend
c3e19590 T GPIO_EINT2UnMask
c3e195b8 T GPIO_EINT2Mask
c3e195e8 T GPIO_EINT3ClrPend
c3e1960c T GPIO_EINT3UnMask
c3e19634 T GPIO_EINT3Mask
c3e19664 T GPIO_EINT4ClrPend
c3e19688 T GPIO_EINT4UnMask
c3e196b0 T GPIO_EINT4Mask
c3e196e0 T GPIO_EINT5ClrPend
c3e19704 T GPIO_EINT5UnMask
c3e1972c T GPIO_EINT5Mask
c3e1975c T GPIO_EINT6ClrPend
c3e19780 T GPIO_EINT6UnMask
c3e197a8 T GPIO_EINT6Mask
c3e197d8 T GPIO_EINT7ClrPend
c3e197fc T GPIO_EINT7UnMask
c3e19824 T GPIO_EINT7Mask
c3e19854 T GPIO_EINT8ClrPend
c3e19878 T GPIO_EINT8UnMask
c3e198a0 T GPIO_EINT8Mask
c3e198d0 T GPIO_EINT9ClrPend
c3e198f4 T GPIO_EINT9UnMask
c3e1991c T GPIO_EINT9Mask
c3e1994c T GPIO_EINT10ClrPend
c3e19970 T GPIO_EINT10UnMask
c3e19998 T GPIO_EINT10Mask
c3e199c8 T GPIO_EINT11ClrPend
c3e199ec T GPIO_EINT11UnMask
c3e19a14 T GPIO_EINT11Mask
c3e19a44 T GPIO_EINT12ClrPend
c3e19a68 T GPIO_EINT12UnMask
c3e19a90 T GPIO_EINT12Mask
c3e19ac0 T GPIO_EINT13ClrPend
c3e19ae4 T GPIO_EINT13UnMask
c3e19b0c T GPIO_EINT13Mask
c3e19b3c T GPIO_EINT14ClrPend
c3e19b60 T GPIO_EINT14UnMask
c3e19b88 T GPIO_EINT14Mask
c3e19bb8 T GPIO_EINT15ClrPend
c3e19bdc T GPIO_EINT15UnMask
c3e19c04 T GPIO_EINT15Mask
c3e19c34 T GPIO_EINT16ClrPend
c3e19c58 T GPIO_EINT16UnMask
c3e19c80 T GPIO_EINT16Mask
c3e19cb0 T GPIO_EINT21ClrPend
c3e19ccc T GPIO_EINT21UnMask
c3e19cec T GPIO_EINT21Mask
c3e19d14 T GPIO_EINT22ClrPend
c3e19d30 T GPIO_EINT22UnMask
c3e19d50 T GPIO_EINT22Mask
c3e19d78 T GPIO_EINT23ClrPend
c3e19d94 T GPIO_EINT23UnMask
c3e19db4 T GPIO_EINT23Mask
c3e19ddc T GPIO_EINT24ClrPend
c3e19df8 T GPIO_EINT24UnMask
c3e19e18 T GPIO_EINT24Mask
c3e19e40 T GPIO_EINT25ClrPend
c3e19e5c T GPIO_EINT25UnMask
c3e19e7c T GPIO_EINT25Mask
c3e19ea4 T GPIO_EINT26ClrPend
c3e19ec0 T GPIO_EINT26UnMask
c3e19ee0 T GPIO_EINT26Mask
c3e19f08 T GPIO_EINT27ClrPend
c3e19f24 T GPIO_EINT27UnMask
c3e19f44 T GPIO_EINT27Mask
c3e19f6c T GPIO_EINT28ClrPend
c3e19f88 T GPIO_EINT28UnMask
c3e19fa8 T GPIO_EINT28Mask
c3e19fd0 T GPIO_EINT29ClrPend
c3e19fec T GPIO_EINT29UnMask
c3e1a00c T GPIO_EINT29Mask
c3e1a034 T GPIO_EINT40ClrPend
c3e1a050 T GPIO_EINT40UnMask
c3e1a070 T GPIO_EINT40Mask
c3e1a098 T GPIO_EINT41ClrPend
c3e1a0b4 T GPIO_EINT41UnMask
c3e1a0d4 T GPIO_EINT41Mask
c3e1a0fc T GPIO_EINT42ClrPend
c3e1a118 T GPIO_EINT42UnMask
c3e1a138 T GPIO_EINT42Mask
c3e1a160 T GPIO_EINT43ClrPend
c3e1a17c T GPIO_EINT43UnMask
c3e1a19c T GPIO_EINT43Mask
c3e1a1c4 T EINT_GRPPRI_XA
c3e1a1ec T EINT_GRPPRI_XB
c3e1a20c T EINT_PRIORITY_XA
c3e1a240 T EINT_PRIORITY_XB
c3e1a26c T Get_EINTSVC_XA
c3e1a288 T Get_EINTSVC_XB
c3e1a29c T Get_EINTSVCPEND_XA
c3e1a2b8 T Get_EINTSVCPEND_XB
c3e1a2cc T EINT_GRPFIXPRI_XA
c3e1a2f4 T EINT_GRPFIXPRI_XB
c3e1a314 T EINT_FIXPRI_XB
c3e1a358 T EINT_FIXPRI_XA
c3e1a39c t T.398
c3e1a3cc T GPIO_SetEint1
c3e1a4c8 T GPIO_SetEint2
c3e1a5d0 T GPIO_SetEint3
c3e1a6d8 T GPIO_SetEint4
c3e1a7c0 T GPIO_SetEint5
c3e1a8a8 T GPIO_SetEint6
c3e1a964 T GPIO_SetEint7
c3e1aa20 T GPIO_SetEint8
c3e1ab08 T GPIO_SetEint9
c3e1ac10 T GPIO_SetEint10
c3e1ad18 T GPIO_SetEint11
c3e1ae20 T GPIO_SetEint12
c3e1af28 T GPIO_SetEint13
c3e1b030 T GPIO_SetEint14
c3e1b138 T GPIO_SetEint15
c3e1b240 T GPIO_SetEint16
c3e1b348 T GPIO_SetEint21
c3e1b434 T GPIO_SetEint22
c3e1b500 T GPIO_SetEint23
c3e1b5ec T GPIO_SetEint24
c3e1b6d8 T GPIO_SetEint25
c3e1b7c4 T GPIO_SetEint26
c3e1b8b0 T GPIO_SetEint27
c3e1b99c T GPIO_SetEint28
c3e1ba44 T GPIO_SetEint29
c3e1bb30 T GPIO_SetEint40
c3e1bc1c T GPIO_SetEint41
c3e1bd08 T GPIO_SetEint42
c3e1bdf4 T GPIO_SetEint43
c3e1bee0 T I2C_GetLastError
c3e1bef8 T I2C_SetClock
c3e1bf64 T I2C_SetAckGeneration
c3e1bfa0 T I2C_SetSlaveAddress
c3e1bfd4 T I2C_SetFilter
c3e1c010 T I2C_SetOutputDelay
c3e1c048 T I2C_EnableInt
c3e1c06c T I2C_DisableInt
c3e1c090 T I2C_GetIntStatus
c3e1c0b0 T I2C_WaitForXferNoAck
c3e1c0f0 T I2C_ClearIntStatus
c3e1c114 T I2C_SetMode
c3e1c210 T I2C_GenerateSignal
c3e1c24c T I2C_GetBusStatus
c3e1c26c T I2C_IsBusReady
c3e1c290 T I2C_WaitForBusReady
c3e1c2d0 T I2C_IsBusBusy
c3e1c2f0 T I2C_IsMatchAddress
c3e1c310 T I2C_WaitForMatchAddress
c3e1c360 T I2C_IsXferAck
c3e1c384 T I2C_WaitForXferAck
c3e1c3d4 T I2C_WriteAddress
c3e1c3f4 T I2C_WriteData
c3e1c410 T I2C_ReadData
c3e1c42c T I2C_SetGPIO
c3e1c864 T I2C_InitSlave
c3e1c8bc T I2C_InitMaster
c3e1c904 T I2C_CalculatePrescaler
c3e1c9d4 T I2C_PrintErrorCase
c3e1ca5c t I2C_RecvForGeneral
c3e1cce0 T I2C_RecvEx
c3e1cce4 T I2C_Recv
c3e1ce64 t I2C_SendForGeneral
c3e1d040 T I2C_SendEx
c3e1d044 T I2C_Send
c3e1d19c T I2C_InitIp
c3e1d244 T SYSC_SetCpuDiv
c3e1d2c4 T SYSC_SetCoreDiv
c3e1d360 T SYSC_SetTopBusDiv
c3e1d3f8 T SYSC_SetDivDefaultVal
c3e1d480 T SYSC_SetLocktimeVal
c3e1d500 T SYSC_CheckPllLock
c3e1d554 T SYSC_EnablePll
c3e1d5b8 T SYSC_DisablePll
c3e1d610 T SYSC_SetDitherParam
c3e1d66c t SYSC_SetPll4508
c3e1d784 t SYSC_GetVcoPll4508
c3e1d7c8 t SYSC_GetFoutPll4508
c3e1d824 t SYSC_CalcPll4508
c3e1d878 T SYSC_CalcPllFout
c3e1d9b4 T SYSC_GetMuxSrc
c3e1d9dc T SYSC_SetMuxSrc
c3e1da94 T SYSC_SetClkDiv
c3e1dae8 T SYSC_GetClkDiv
c3e1db14 T SYSC_SetClkGateIp
c3e1db48 T SYSC_GetClkGateIp
c3e1db74 T SYSC_SetClkGateBlock
c3e1dba8 T SYSC_GetClkGateBlock
c3e1dbd4 t SYSC_SetCmuClkOut
c3e1dc2c T SYSC_SetClkOut
c3e1dd3c T SYSC_SetPllByPms
c3e1dfc4 T SYSC_SetPllByFout
c3e1e470 T SYSC_GetVcoPll
c3e1e5c8 T SYSC_GetFoutPll
c3e1e738 T SYSC_ChangePllnDiv
c3e1e8fc T SYSC_InitSysClk
c3e1eaec t SYSC_GetMuxClkOut
c3e1efb4 T SYSC_GetClkFreq
c3e1f158 t get_PLLCLK
c3e1f1ac T get_ARM_CLK
c3e1f1e0 T get_MPLL_CLK
c3e1f1e8 T get_APLL_CLK
c3e1f1f0 t ReadWriteByte
c3e1f208 t WaitForXfer
c3e1f250 t i2c_transfer
c3e1f4b8 t T.46
c3e1f50c T pmic_write
c3e1f510 T max8997_init
c3e1f584 t T.48
c3e1f5d8 T lowlevel_init_max8997
c3e1f644 T pmic_read
c3e1f648 T setup_sdhci0_cfg_card
c3e1f64c T setup_hsmmc_cfg_gpio
c3e1f6e4 T setup_hsmmc_clock
c3e1f7d0 T set_hsmmc_pre_ratio
c3e1f858 T clear_hsmmc_clock_div
c3e1f8a8 T factory_reset
c3e1f96c T recovery_preboot
c3e1fa1c T do_bootm_linux
c3e1fc54 T flush_cache
c3e1fc58 t downcase
c3e1fc88 t setstr
c3e1fcb8 t dirdelim
c3e1fcec t compare_sign
c3e1fd1c t slot2str
c3e1fde0 t mkcksum
c3e1fe10 T disk_read
c3e1ff1c t get_fatent
c3e20070 t read_bootsectandvi
c3e20164 T file_fat_detectfs
c3e202b0 t get_cluster
c3e20350 t get_vfatname
c3e204e0 t get_name
c3e2059c T do_fat_read
c3e20e90 T file_fat_read
c3e20ec8 T file_fat_ls
c3e20ed8 T fat_register_device
c3e20fe8 T fat_format_device
c3e21628 T get_random_val
c3e21640 T default_journal_size
c3e21680 T ext2fs_format
c3e23bbc T ext2fs_free_node
c3e23bdc T ext2fs_close
c3e23c90 t ext2fs_read_inode
c3e23d5c T ext2fs_mount
c3e23e10 T ext2fs_read_file
c3e242e4 T ext2fs_read
c3e2431c t ext2fs_iterate_dir
c3e2458c T ext2fs_find_file1
c3e24814 T ext2fs_find_file
c3e24890 T ext2fs_open
c3e24924 T ext2fs_ls
c3e24998 T ext2fs_devread
c3e24b70 T ext2fs_set_blk_dev
c3e24bbc T dev_print
c3e24db8 T get_partition_info
c3e24ddc T init_part
c3e24df8 T get_dev
c3e24e5c T print_part
c3e24f38 t le32_to_int
c3e24f5c t is_extended
c3e24f7c T test_part_dos
c3e24fcc t get_partition_info_extended
c3e25228 T get_partition_info_dos
c3e25248 t print_partition_extended
c3e25414 T print_part_dos
c3e25440 t sdhci_change_clock
c3e25504 t s3c_hsmmc_set_ios
c3e2555c t s3c_hsmmc_send_command
c3e25810 T smdk_s3c_hsmmc_init
c3e258b8 t T.40
c3e25918 t s3c_hsmmc_init
c3e25968 t mshci_writel
c3e25974 t mshci_readl
c3e25980 t mshci_set_mdma_desc
c3e2599c t calc_max_emmc_clock
c3e259f0 t get_emmc_bit_pre
c3e25a1c t mshci_clock_onoff
c3e25b28 T mshci_fifo_deinit
c3e25b50 t mshci_change_clock
c3e25d34 t s5p_mshc_set_ios
c3e25e34 t mshci_reset_fifo
c3e25e8c t s5c_mshc_init
c3e26134 t s5p_mshc_send_command
c3e26588 T emmc_mode_change
c3e265d8 T smdk_s5p_mshc_init
c3e2667c T raise
c3e26698 T __aeabi_uidiv
c3e26698 T __udivsi3
c3e26698 t .udivsi3_nodiv0
c3e26884 T __aeabi_uidivmod
c3e268a4 T __aeabi_idiv
c3e268a4 T __divsi3
c3e268ac t .divsi3_nodiv0
c3e26ac4 T __aeabi_idivmod
c3e26ae4 T __aeabi_llsr
c3e26ae4 T __lshrdi3
c3e26b00 T __aeabi_drsub
c3e26b08 T __aeabi_dsub
c3e26b08 T __subdf3
c3e26b0c T __adddf3
c3e26b0c T __aeabi_dadd
c3e26db8 T __aeabi_ui2d
c3e26db8 T __floatunsidf
c3e26ddc T __aeabi_i2d
c3e26ddc T __floatsidf
c3e26e04 T __aeabi_f2d
c3e26e04 T __extendsfdf2
c3e26e44 T __aeabi_ul2d
c3e26e44 T __floatundidf
c3e26e58 T __aeabi_l2d
c3e26e58 T __floatdidf
c3e26eb8 T __aeabi_dmul
c3e26eb8 T __muldf3
c3e27124 T __aeabi_ddiv
c3e27124 T __divdf3
c3e27328 T __aeabi_d2f
c3e27328 T __truncdfsf2
c3e273c8 T __aeabi_frsub
c3e273d0 T __aeabi_fsub
c3e273d0 T __subsf3
c3e273d4 T __addsf3
c3e273d4 T __aeabi_fadd
c3e27564 T __aeabi_ui2f
c3e27564 T __floatunsisf
c3e2756c T __aeabi_i2f
c3e2756c T __floatsisf
c3e2758c T __aeabi_ul2f
c3e2758c T __floatundisf
c3e2759c T __aeabi_l2f
c3e2759c T __floatdisf
c3e27618 T __aeabi_fmul
c3e27618 T __mulsf3
c3e277b0 T __aeabi_fdiv
c3e277b0 T __divsf3
c3e27910 T __gesf2
c3e27910 T __gtsf2
c3e27918 T __lesf2
c3e27918 T __ltsf2
c3e27920 T __cmpsf2
c3e27920 T __eqsf2
c3e27920 T __nesf2
c3e27984 T __aeabi_cfrcmple
c3e27994 T __aeabi_cfcmpeq
c3e27994 T __aeabi_cfcmple
c3e279a8 T __aeabi_fcmpeq
c3e279bc T __aeabi_fcmplt
c3e279d0 T __aeabi_fcmple
c3e279e4 T __aeabi_fcmpge
c3e279f8 T __aeabi_fcmpgt
c3e27a0c T __aeabi_f2uiz
c3e27a0c T __fixunssfsi
c3e27a60 W __aeabi_idiv0
c3e27a60 W __aeabi_ldiv0
c3e27a70 R sha1_digest_emptymsg
c3e27a84 r C.32.3329
c3e27b04 R version_string
c3e27b44 r boot_os
c3e27b90 r CSWTCH.49
c3e27be8 r CSWTCH.58
c3e27c08 r crc16_tab
c3e27e08 r crc_table
c3e28208 r digits.3266
c3e28218 R hex_asc
c3e2822c r lext.3601
c3e2826c r lbase.3600
c3e282ac r dext.3603
c3e282ec r dbase.3602
c3e2832c r lenfix
c3e28b2c r distfix
c3e28bac r order.3910
c3e28bd4 R z_errmsg
c3e28bfc R config_full
c3e28c08 R config_full_total
c3e28c28 R config_high
c3e28c34 R config_high_total
c3e28c54 R qualifier_desc
c3e28c60 R string_desc0
c3e28c64 R string_desc1
c3e28c7c R string_desc2
c3e28ca8 R fboot_config_full
c3e28cb4 R fboot_config_full_total
c3e28cd4 R fboot_config_high
c3e28ce0 R fboot_config_high_total
c3e28d00 R fboot_qualifier_desc
c3e28d0c R fboot_string_desc0
c3e28d10 R fboot_string_desc1
c3e28d28 R fboot_string_desc2
c3e28d40 R string_desc3
c3e28d5c R gVoltage_Type
c3e28d74 r aoMuxSel
c3e29bac r aoDivRatio
c3e2af2c r aoGateIp
c3e2ca2c r aoGateBlk
c3e2cb7c r aoClkOut
c3e2d97c r block_drvr
c3e38000 R mmu_table
c3e3c000 D init_sequence
c3e3c034 d cur_dev_num
c3e3c038 D load_addr
c3e3c03c D cmd_bootm_sub
c3e3c0cc d static_pcount
c3e3c0d0 d interface
c3e3c0ec D op_table
c3e3c154 d do_echo
c3e3c158 D dp_last_length
c3e3c15c d env_id
c3e3c160 d av_
c3e3c568 d sbrk_base
c3e3c56c d trim_threshold
c3e3c570 d mmap_threshold
c3e3c574 D env_name_spec
c3e3c578 D default_environment
c3e3c600 D default_environment_size
c3e3c604 d uimage_os
c3e3c664 d uimage_arch
c3e3c754 d uimage_type
c3e3c7e4 d uimage_comp
c3e3c82c d erase_seq
c3e3c830 d tab_seq
c3e3c83c d hist_cur
c3e3c840 D stdio_names
c3e3c84c D dmc_density
c3e3c850 D _ctype
c3e3c950 D test_pkt
c3e3c988 D CORE_NUM_STR
c3e3c98c D fboot_test_pkt
c3e3c9c4 D ptable_default
c3e3ca88 D ptable_default_size
c3e3ca8c d g_aI2c
c3e3cb64 D nr_dram_banks
c3e3cb68 d cur_part
c3e3cb6c D indir1_blkno
c3e3cb70 D indir2_blkno
c3e3cb74 A __u_boot_cmd_start
c3e3cb74 D __u_boot_cmd_bdinfo
c3e3cb8c D __u_boot_cmd_go
c3e3cba4 D __u_boot_cmd_reset
c3e3cbbc D __u_boot_cmd_bootm
c3e3cbd4 D __u_boot_cmd_boot
c3e3cbec D __u_boot_cmd_bootd
c3e3cc04 D __u_boot_cmd_iminfo
c3e3cc1c D __u_boot_cmd_coninfo
c3e3cc34 D __u_boot_cmd_echo
c3e3cc4c D __u_boot_cmd_bootelf
c3e3cc64 D __u_boot_cmd_bootvx
c3e3cc7c D __u_boot_cmd_ext2ls
c3e3cc94 D __u_boot_cmd_ext2load
c3e3ccac D __u_boot_cmd_ext2format
c3e3ccc4 D __u_boot_cmd_ext3format
c3e3ccdc D __u_boot_cmd_fastboot
c3e3ccf4 D __u_boot_cmd_sdfuse
c3e3cd0c D __u_boot_cmd_fatload
c3e3cd24 D __u_boot_cmd_fatls
c3e3cd3c D __u_boot_cmd_fatinfo
c3e3cd54 D __u_boot_cmd_fatformat
c3e3cd6c D __u_boot_cmd_help
c3e3cd84 D __u_boot_cmd_question_mark
c3e3cd9c D __u_boot_cmd_itest
c3e3cdb4 D __u_boot_cmd_loads
c3e3cdcc D __u_boot_cmd_loadb
c3e3cde4 D __u_boot_cmd_loady
c3e3cdfc D __u_boot_cmd_max8997
c3e3ce14 D __u_boot_cmd_mdmup
c3e3ce2c D __u_boot_cmd_md
c3e3ce44 D __u_boot_cmd_mm
c3e3ce5c D __u_boot_cmd_nm
c3e3ce74 D __u_boot_cmd_mw
c3e3ce8c D __u_boot_cmd_cp
c3e3cea4 D __u_boot_cmd_cmp
c3e3cebc D __u_boot_cmd_crc32
c3e3ced4 D __u_boot_cmd_base
c3e3ceec D __u_boot_cmd_loop
c3e3cf04 D __u_boot_cmd_mtest
c3e3cf1c D __u_boot_cmd_sleep
c3e3cf34 D __u_boot_cmd_mmcinfo
c3e3cf4c D __u_boot_cmd_emmc
c3e3cf64 D __u_boot_cmd_mmc
c3e3cf7c D __u_boot_cmd_fdisk
c3e3cf94 D __u_boot_cmd_movi
c3e3cfac D __u_boot_cmd_saveenv
c3e3cfc4 D __u_boot_cmd_editenv
c3e3cfdc D __u_boot_cmd_printenv
c3e3cff4 D __u_boot_cmd_setenv
c3e3d00c D __u_boot_cmd_run
c3e3d024 D __u_boot_cmd_source
c3e3d03c D __u_boot_cmd_dnw
c3e3d054 D __u_boot_cmd_version
c3e3d06c D __u_boot_cmd_imxtract
c3e3d084 A __bss_start
c3e3d084 A __u_boot_cmd_end
c3e3d088 B ___strtok
c3e3d08c B timer_load_val
c3e3d090 b lastdec
c3e3d094 b timestamp
c3e3d098 B monitor_flash_len
c3e3d09c b mmc_devices
c3e3d0a4 B mmc_global
c3e3d0b0 B mmc_default
c3e3d0b4 b images
c3e3d140 b download_size
c3e3d144 b download_bytes
c3e3d148 b download_error
c3e3d14c b pcount
c3e3d150 b ptable
c3e3d310 B dev_number_write
c3e3d314 B fuse_by_fastboot
c3e3d318 b os_data_state
c3e3d31c b os_data_addr
c3e3d320 b bin_start_address
c3e3d324 b k_data_escape
c3e3d328 B os_data_init
c3e3d32c b k_data_escape_saved
c3e3d330 b os_data_state_saved
c3e3d334 b os_data_addr_saved
c3e3d338 B os_data_char
c3e3d33c B his_quote
c3e3d340 B his_pad_count
c3e3d344 B his_pad_char
c3e3d345 B his_eol
c3e3d348 B send_ptr
c3e3d34c B send_parms
c3e3d360 b a_b
c3e3d378 b base_address
c3e3d37c B mm_last_addr
c3e3d380 B mm_last_size
c3e3d384 B dp_last_addr
c3e3d388 B dp_last_size
c3e3d38c B raw_area_control
c3e3d58c b ctrlc_disabled
c3e3d590 b ctrlc_was_pressed
c3e3d594 B mem_malloc_brk
c3e3d598 B mem_malloc_start
c3e3d59c B mem_malloc_end
c3e3d5a0 b current_mallinfo
c3e3d5c8 b top_pad
c3e3d5cc b max_sbrked_mem
c3e3d5d0 b max_total_mem
c3e3d5d4 b n_mmaps_max
c3e3d5d8 B env_ptr
c3e3d5dc b initted.3300
c3e3d5e0 b hist_max
c3e3d5e4 b hist_add_idx
c3e3d5e8 B hist_num
c3e3d5ec B hist_lines
c3e3e9ec B hist_list
c3e3ea3c B console_buffer
c3e3eb3c b lastcommand.2985
c3e3ec3c b devs
c3e3ec78 B stdio_devices
c3e3ec84 b xyz
c3e3f0c0 B OmPin
c3e3f0c4 B boot_mode
c3e3f0c8 B otg
c3e3f14c B remode_wakeup
c3e3f150 B get_status
c3e3f156 B config_value
c3e3f158 B get_intf
c3e3f15c B s3c_usbd_dn_addr
c3e3f160 B op_mode
c3e3f164 B s3c_usbd_dn_cnt
c3e3f168 B s3c_receive_done
c3e3f16c B speed
c3e3f170 B s3c_got_header
c3e3f174 B DNW
c3e3f178 B s5pc210_cpu_id
c3e3f17c B fboot_otg
c3e3f200 B fboot_remode_wakeup
c3e3f204 B fboot_get_status
c3e3f20a B fboot_config_value
c3e3f20c B fboot_get_intf
c3e3f210 B fboot_usbd_dn_addr
c3e3f214 B fboot_response_flag
c3e3f218 B reply_msg
c3e3f21c B fboot_op_mode
c3e3f220 B fboot_usbd_dn_cnt
c3e3f224 B fboot_receive_done
c3e3f228 B fboot_speed
c3e3f22c b device_strings
c3e3f234 b serial_number.4860
c3e3f254 b fastboot_interface
c3e3f258 b fastboot_bulk_fifo
c3e3f45c B transfer_size
c3e3f460 B fboot_got_header
c3e3f464 B tx_msg_buf
c3e3f468 B total_dn_size
c3e3f46c B Is_TC4_Dvt
c3e3f470 b GPIO_pBase
c3e3f474 B g_IntCnt
c3e3f478 B sclk_mmc4
c3e3f47c b params
c3e3f480 b part_offset
c3e3f484 b cur_dev
c3e3f488 B get_vfatname_block
c3e4f488 B do_fat_read_block
c3e5f488 B get_dentfromdir_block
c3e6f488 B ext2fs_root
c3e6f48c B ext2fs_file
c3e6f490 B indir1_block
c3e6f494 B indir1_size
c3e6f498 B indir2_block
c3e6f49c B indir2_size
c3e6f4a0 B symlinknest
c3e6f4a4 b part_info
c3e6f4f0 b ext2fs_block_dev_desc
c3e6f4f8 B mmc_host
c3e6f610 B emmc_bit_pre
c3e6f614 B emmc_mode_pre
c3e6f618 B emmc_clock_pre
c3e6f61c b idmac_desc
c3f6f61c B mmc_channel
c3f6fb80 B mshc_host
c3f6fc98 A _end
